Wed Oct 30 09:45:50 EDT 2024
/home/m.maqboolbhutta/usman_ws/codes/OpenVPRLab
/home/m.maqboolbhutta/.conda/envs/openvpr/bin/python
Host: c0804a-s35
Other nodes: 
Starting  process(es) on each node...


╭───── Training dataset stats ─────╮
│                                  │
│  number of cities       23       │
│  number of places       62514    │
│  number of images       524701   │
│                                  │
╰──────────────────────────────────╯
╭──── Validation datasets ────╮
│                             │
│  msls-val                   │
│  ├── queries     740        │
│  └── references  18871      │
│  pitts30k-val               │
│  ├── queries     7608       │
│  └── references  10000      │
│                             │
╰─────────────────────────────╯
╭─────── Data configuration ────────╮
│                                   │
│  iterations per epoch    6251     │
│  train batch size (PxK)  10x4     │
│  training image size     320x320  │
│  validation image size   320x320  │
│                                   │
╰───────────────────────────────────╯


┏━━━┳━━━━━━━━━━━━━━━┳━━━━━━━━━━━━━━━━━┳━━━━━━━━┳━━━━━━━┓
┃   ┃ Name          ┃ Type            ┃ Params ┃ Mode  ┃
┡━━━╇━━━━━━━━━━━━━━━╇━━━━━━━━━━━━━━━━━╇━━━━━━━━╇━━━━━━━┩
│ 0 │ backbone      │ ResNet          │  8.5 M │ train │
│ 1 │ aggregator    │ MixVPR          │  1.8 M │ train │
│ 2 │ loss_function │ VPRLossFunction │      0 │ train │
└───┴───────────────┴─────────────────┴────────┴───────┘
Trainable params: 8.9 M                                                         
Non-trainable params: 1.4 M                                                     
Total params: 10.4 M                                                            
Total estimated model params size (MB): 41                                      


╭────────────── Recall@k Performance ──────────────╮
│                                                  │
│   Dataset         R@1     R@5    R@10    R@15    │
│  ──────────────────────────────────────────────  │
│   msls-val       71.08   82.30   86.08   87.97   │
│   pitts30k-val   87.78   95.62   96.94   97.58   │
│                                                  │
╰──────────────────────────────────────────────────╯




╭────────────── Recall@k Performance ──────────────╮
│                                                  │
│   Dataset         R@1     R@5    R@10    R@15    │
│  ──────────────────────────────────────────────  │
│   msls-val       73.38   83.51   86.49   87.84   │
│   pitts30k-val   89.41   96.33   97.54   98.12   │
│                                                  │
╰──────────────────────────────────────────────────╯




╭────────────── Recall@k Performance ──────────────╮
│                                                  │
│   Dataset         R@1     R@5    R@10    R@15    │
│  ──────────────────────────────────────────────  │
│   msls-val       74.46   83.78   86.22   87.70   │
│   pitts30k-val   89.09   96.12   97.57   98.12   │
│                                                  │
╰──────────────────────────────────────────────────╯




╭────────────── Recall@k Performance ──────────────╮
│                                                  │
│   Dataset         R@1     R@5    R@10    R@15    │
│  ──────────────────────────────────────────────  │
│   msls-val       75.95   83.92   87.57   88.78   │
│   pitts30k-val   89.26   96.57   97.74   98.21   │
│                                                  │
╰──────────────────────────────────────────────────╯




╭────────────── Recall@k Performance ──────────────╮
│                                                  │
│   Dataset         R@1     R@5    R@10    R@15    │
│  ──────────────────────────────────────────────  │
│   msls-val       76.22   84.86   87.84   89.19   │
│   pitts30k-val   89.20   96.46   97.77   98.23   │
│                                                  │
╰──────────────────────────────────────────────────╯




╭────────────── Recall@k Performance ──────────────╮
│                                                  │
│   Dataset         R@1     R@5    R@10    R@15    │
│  ──────────────────────────────────────────────  │
│   msls-val       77.70   86.35   89.46   90.68   │
│   pitts30k-val   89.58   96.56   97.79   98.44   │
│                                                  │
╰──────────────────────────────────────────────────╯




╭────────────── Recall@k Performance ──────────────╮
│                                                  │
│   Dataset         R@1     R@5    R@10    R@15    │
│  ──────────────────────────────────────────────  │
│   msls-val       79.32   86.49   89.05   90.95   │
│   pitts30k-val   90.73   96.90   97.96   98.34   │
│                                                  │
╰──────────────────────────────────────────────────╯




╭────────────── Recall@k Performance ──────────────╮
│                                                  │
│   Dataset         R@1     R@5    R@10    R@15    │
│  ──────────────────────────────────────────────  │
│   msls-val       77.70   85.95   88.11   89.86   │
│   pitts30k-val   89.42   96.19   97.32   98.12   │
│                                                  │
╰──────────────────────────────────────────────────╯




╭────────────── Recall@k Performance ──────────────╮
│                                                  │
│   Dataset         R@1     R@5    R@10    R@15    │
│  ──────────────────────────────────────────────  │
│   msls-val       78.11   85.54   87.84   89.32   │
│   pitts30k-val   89.60   96.40   97.59   98.13   │
│                                                  │
╰──────────────────────────────────────────────────╯




╭────────────── Recall@k Performance ──────────────╮
│                                                  │
│   Dataset         R@1     R@5    R@10    R@15    │
│  ──────────────────────────────────────────────  │
│   msls-val       77.70   87.70   88.92   89.86   │
│   pitts30k-val   89.88   96.25   97.62   98.11   │
│                                                  │
╰──────────────────────────────────────────────────╯




╭────────────── Recall@k Performance ──────────────╮
│                                                  │
│   Dataset         R@1     R@5    R@10    R@15    │
│  ──────────────────────────────────────────────  │
│   msls-val       79.19   87.84   90.68   91.62   │
│   pitts30k-val   91.01   96.67   97.96   98.45   │
│                                                  │
╰──────────────────────────────────────────────────╯




╭────────────── Recall@k Performance ──────────────╮
│                                                  │
│   Dataset         R@1     R@5    R@10    R@15    │
│  ──────────────────────────────────────────────  │
│   msls-val       79.86   88.65   90.54   91.49   │
│   pitts30k-val   91.13   96.77   97.99   98.37   │
│                                                  │
╰──────────────────────────────────────────────────╯




╭────────────── Recall@k Performance ──────────────╮
│                                                  │
│   Dataset         R@1     R@5    R@10    R@15    │
│  ──────────────────────────────────────────────  │
│   msls-val       80.54   89.05   91.22   91.49   │
│   pitts30k-val   91.08   96.71   97.92   98.33   │
│                                                  │
╰──────────────────────────────────────────────────╯




╭────────────── Recall@k Performance ──────────────╮
│                                                  │
│   Dataset         R@1     R@5    R@10    R@15    │
│  ──────────────────────────────────────────────  │
│   msls-val       80.54   88.24   90.81   91.62   │
│   pitts30k-val   91.15   96.79   97.95   98.38   │
│                                                  │
╰──────────────────────────────────────────────────╯




╭────────────── Recall@k Performance ──────────────╮
│                                                  │
│   Dataset         R@1     R@5    R@10    R@15    │
│  ──────────────────────────────────────────────  │
│   msls-val       81.22   89.32   90.95   92.03   │
│   pitts30k-val   90.98   96.86   97.94   98.44   │
│                                                  │
╰──────────────────────────────────────────────────╯




╭────────────── Recall@k Performance ──────────────╮
│                                                  │
│   Dataset         R@1     R@5    R@10    R@15    │
│  ──────────────────────────────────────────────  │
│   msls-val       80.14   88.92   90.68   92.03   │
│   pitts30k-val   91.06   96.82   97.92   98.40   │
│                                                  │
╰──────────────────────────────────────────────────╯




╭────────────── Recall@k Performance ──────────────╮
│                                                  │
│   Dataset         R@1     R@5    R@10    R@15    │
│  ──────────────────────────────────────────────  │
│   msls-val       81.35   88.65   91.49   92.57   │
│   pitts30k-val   91.26   96.96   97.90   98.45   │
│                                                  │
╰──────────────────────────────────────────────────╯




╭────────────── Recall@k Performance ──────────────╮
│                                                  │
│   Dataset         R@1     R@5    R@10    R@15    │
│  ──────────────────────────────────────────────  │
│   msls-val       80.41   88.11   90.81   92.43   │
│   pitts30k-val   91.47   96.91   98.08   98.54   │
│                                                  │
╰──────────────────────────────────────────────────╯




╭────────────── Recall@k Performance ──────────────╮
│                                                  │
│   Dataset         R@1     R@5    R@10    R@15    │
│  ──────────────────────────────────────────────  │
│   msls-val       80.27   88.65   90.95   92.30   │
│   pitts30k-val   91.26   96.94   98.03   98.49   │
│                                                  │
╰──────────────────────────────────────────────────╯




╭────────────── Recall@k Performance ──────────────╮
│                                                  │
│   Dataset         R@1     R@5    R@10    R@15    │
│  ──────────────────────────────────────────────  │
│   msls-val       80.54   88.65   91.22   92.57   │
│   pitts30k-val   91.47   97.06   98.03   98.46   │
│                                                  │
╰──────────────────────────────────────────────────╯




╭────────────── Recall@k Performance ──────────────╮
│                                                  │
│   Dataset         R@1     R@5    R@10    R@15    │
│  ──────────────────────────────────────────────  │
│   msls-val       80.54   88.51   91.22   92.70   │
│   pitts30k-val   91.31   96.96   98.00   98.49   │
│                                                  │
╰──────────────────────────────────────────────────╯




╭────────────── Recall@k Performance ──────────────╮
│                                                  │
│   Dataset         R@1     R@5    R@10    R@15    │
│  ──────────────────────────────────────────────  │
│   msls-val       80.14   88.78   91.62   92.97   │
│   pitts30k-val   91.43   96.98   98.05   98.48   │
│                                                  │
╰──────────────────────────────────────────────────╯




╭────────────── Recall@k Performance ──────────────╮
│                                                  │
│   Dataset         R@1     R@5    R@10    R@15    │
│  ──────────────────────────────────────────────  │
│   msls-val       80.81   88.24   90.95   92.57   │
│   pitts30k-val   91.35   96.96   98.05   98.53   │
│                                                  │
╰──────────────────────────────────────────────────╯




╭────────────── Recall@k Performance ──────────────╮
│                                                  │
│   Dataset         R@1     R@5    R@10    R@15    │
│  ──────────────────────────────────────────────  │
│   msls-val       80.41   88.65   91.35   92.84   │
│   pitts30k-val   91.43   96.98   97.96   98.46   │
│                                                  │
╰──────────────────────────────────────────────────╯




╭────────────── Recall@k Performance ──────────────╮
│                                                  │
│   Dataset         R@1     R@5    R@10    R@15    │
│  ──────────────────────────────────────────────  │
│   msls-val       80.68   88.78   91.76   92.84   │
│   pitts30k-val   91.27   96.92   98.07   98.46   │
│                                                  │
╰──────────────────────────────────────────────────╯




╭────────────── Recall@k Performance ──────────────╮
│                                                  │
│   Dataset         R@1     R@5    R@10    R@15    │
│  ──────────────────────────────────────────────  │
│   msls-val       80.95   88.92   91.49   92.84   │
│   pitts30k-val   91.30   97.00   98.04   98.48   │
│                                                  │
╰──────────────────────────────────────────────────╯




╭────────────── Recall@k Performance ──────────────╮
│                                                  │
│   Dataset         R@1     R@5    R@10    R@15    │
│  ──────────────────────────────────────────────  │
│   msls-val       81.08   88.78   91.49   92.57   │
│   pitts30k-val   91.25   96.91   98.02   98.46   │
│                                                  │
╰──────────────────────────────────────────────────╯




╭────────────── Recall@k Performance ──────────────╮
│                                                  │
│   Dataset         R@1     R@5    R@10    R@15    │
│  ──────────────────────────────────────────────  │
│   msls-val       80.68   88.51   91.35   92.84   │
│   pitts30k-val   91.39   96.92   98.05   98.46   │
│                                                  │
╰──────────────────────────────────────────────────╯




╭────────────── Recall@k Performance ──────────────╮
│                                                  │
│   Dataset         R@1     R@5    R@10    R@15    │
│  ──────────────────────────────────────────────  │
│   msls-val       80.95   89.05   91.49   92.70   │
│   pitts30k-val   91.29   96.95   98.05   98.49   │
│                                                  │
╰──────────────────────────────────────────────────╯




╭────────────── Recall@k Performance ──────────────╮
│                                                  │
│   Dataset         R@1     R@5    R@10    R@15    │
│  ──────────────────────────────────────────────  │
│   msls-val       80.68   89.05   91.76   92.70   │
│   pitts30k-val   91.39   97.00   98.05   98.51   │
│                                                  │
╰──────────────────────────────────────────────────╯




╭────────────── Recall@k Performance ──────────────╮
│                                                  │
│   Dataset         R@1     R@5    R@10    R@15    │
│  ──────────────────────────────────────────────  │
│   msls-val       80.81   88.78   92.03   92.84   │
│   pitts30k-val   91.31   96.98   98.02   98.48   │
│                                                  │
╰──────────────────────────────────────────────────╯




╭────────────── Recall@k Performance ──────────────╮
│                                                  │
│   Dataset         R@1     R@5    R@10    R@15    │
│  ──────────────────────────────────────────────  │
│   msls-val       80.54   88.78   91.76   92.70   │
│   pitts30k-val   91.25   96.94   98.08   98.41   │
│                                                  │
╰──────────────────────────────────────────────────╯




╭────────────── Recall@k Performance ──────────────╮
│                                                  │
│   Dataset         R@1     R@5    R@10    R@15    │
│  ──────────────────────────────────────────────  │
│   msls-val       80.68   88.51   91.49   92.97   │
│   pitts30k-val   91.26   97.00   98.11   98.51   │
│                                                  │
╰──────────────────────────────────────────────────╯




╭────────────── Recall@k Performance ──────────────╮
│                                                  │
│   Dataset         R@1     R@5    R@10    R@15    │
│  ──────────────────────────────────────────────  │
│   msls-val       80.27   88.65   91.35   92.70   │
│   pitts30k-val   91.25   96.91   98.07   98.45   │
│                                                  │
╰──────────────────────────────────────────────────╯




╭────────────── Recall@k Performance ──────────────╮
│                                                  │
│   Dataset         R@1     R@5    R@10    R@15    │
│  ──────────────────────────────────────────────  │
│   msls-val       80.95   89.19   91.49   92.97   │
│   pitts30k-val   91.25   96.92   98.07   98.51   │
│                                                  │
╰──────────────────────────────────────────────────╯




╭────────────── Recall@k Performance ──────────────╮
│                                                  │
│   Dataset         R@1     R@5    R@10    R@15    │
│  ──────────────────────────────────────────────  │
│   msls-val       80.81   88.65   90.95   92.70   │
│   pitts30k-val   91.34   96.90   98.07   98.45   │
│                                                  │
╰──────────────────────────────────────────────────╯




╭────────────── Recall@k Performance ──────────────╮
│                                                  │
│   Dataset         R@1     R@5    R@10    R@15    │
│  ──────────────────────────────────────────────  │
│   msls-val       80.54   88.92   91.49   92.84   │
│   pitts30k-val   91.42   96.96   98.00   98.45   │
│                                                  │
╰──────────────────────────────────────────────────╯




╭────────────── Recall@k Performance ──────────────╮
│                                                  │
│   Dataset         R@1     R@5    R@10    R@15    │
│  ──────────────────────────────────────────────  │
│   msls-val       80.68   88.51   91.76   92.70   │
│   pitts30k-val   91.26   96.91   98.02   98.53   │
│                                                  │
╰──────────────────────────────────────────────────╯




╭────────────── Recall@k Performance ──────────────╮
│                                                  │
│   Dataset         R@1     R@5    R@10    R@15    │
│  ──────────────────────────────────────────────  │
│   msls-val       80.41   88.78   91.35   92.70   │
│   pitts30k-val   91.38   96.91   98.07   98.53   │
│                                                  │
╰──────────────────────────────────────────────────╯




╭────────────── Recall@k Performance ──────────────╮
│                                                  │
│   Dataset         R@1     R@5    R@10    R@15    │
│  ──────────────────────────────────────────────  │
│   msls-val       80.68   89.19   91.49   92.70   │
│   pitts30k-val   91.18   96.92   98.09   98.49   │
│                                                  │
╰──────────────────────────────────────────────────╯


Epoch 39/39 ━━━━━━━━━━━━━━━ 6252/6252 0:05:29 •        19.51it/s v_num: 20.00   
                                      0:00:00                    loss: 0.28     
                                                                 batch_acc: 0.62
