Mon Oct 21 14:27:23 EDT 2024
/home/m.maqboolbhutta/usman_ws/codes/OpenVPRLab
/home/m.maqboolbhutta/.conda/envs/openvpr/bin/python
Host: c1100a-s23
Other nodes: 
Starting  process(es) on each node...


╭───── Training dataset stats ─────╮
│                                  │
│  number of cities        3       │
│  number of places        5671    │
│  number of images        50038   │
│                                  │
╰──────────────────────────────────╯
╭──── Validation datasets ────╮
│                             │
│  msls-val                   │
│  ├── queries     740        │
│  └── references  18871      │
│  pitts30k-val               │
│  ├── queries     7608       │
│  └── references  10000      │
│                             │
╰─────────────────────────────╯
╭─────── Data configuration ────────╮
│                                   │
│  iterations per epoch    567      │
│  train batch size (PxK)  10x4     │
│  training image size     320x320  │
│  validation image size   320x320  │
│                                   │
╰───────────────────────────────────╯


┏━━━┳━━━━━━━━━━━━━━━┳━━━━━━━━━━━━━━━━━┳━━━━━━━━┳━━━━━━━┓
┃   ┃ Name          ┃ Type            ┃ Params ┃ Mode  ┃
┡━━━╇━━━━━━━━━━━━━━━╇━━━━━━━━━━━━━━━━━╇━━━━━━━━╇━━━━━━━┩
│ 0 │ backbone      │ ResNet          │  8.5 M │ eval  │
│ 1 │ aggregator    │ NetVLAD         │  131 K │ train │
│ 2 │ segmentation  │ FastSCNN        │  1.1 M │ train │
│ 3 │ loss_function │ VPRLossFunction │      0 │ train │
│ 4 │ GraphVLAD     │ GraphVLAD       │  303 M │ train │
└───┴───────────────┴─────────────────┴────────┴───────┘
Trainable params: 301 M                                                         
Non-trainable params: 1.4 M                                                     
Total params: 303 M                                                             
Total estimated model params size (MB): 1.2 K                                   


╭────────────── Recall@k Performance ──────────────╮
│                                                  │
│   Dataset         R@1     R@5    R@10    R@15    │
│  ──────────────────────────────────────────────  │
│   msls-val       57.03   69.86   74.46   76.49   │
│   pitts30k-val   82.90   93.73   96.40   97.54   │
│                                                  │
╰──────────────────────────────────────────────────╯




╭────────────── Recall@k Performance ──────────────╮
│                                                  │
│   Dataset         R@1     R@5    R@10    R@15    │
│  ──────────────────────────────────────────────  │
│   msls-val       65.68   74.73   79.46   81.89   │
│   pitts30k-val   85.86   95.52   97.36   98.11   │
│                                                  │
╰──────────────────────────────────────────────────╯




╭────────────── Recall@k Performance ──────────────╮
│                                                  │
│   Dataset         R@1     R@5    R@10    R@15    │
│  ──────────────────────────────────────────────  │
│   msls-val       67.30   77.03   81.49   83.38   │
│   pitts30k-val   86.23   95.28   97.17   98.00   │
│                                                  │
╰──────────────────────────────────────────────────╯




╭────────────── Recall@k Performance ──────────────╮
│                                                  │
│   Dataset         R@1     R@5    R@10    R@15    │
│  ──────────────────────────────────────────────  │
│   msls-val       67.97   77.70   82.16   84.46   │
│   pitts30k-val   86.61   95.33   97.16   97.87   │
│                                                  │
╰──────────────────────────────────────────────────╯




╭────────────── Recall@k Performance ──────────────╮
│                                                  │
│   Dataset         R@1     R@5    R@10    R@15    │
│  ──────────────────────────────────────────────  │
│   msls-val       70.27   79.86   82.43   84.73   │
│   pitts30k-val   87.37   95.52   97.31   98.16   │
│                                                  │
╰──────────────────────────────────────────────────╯




╭────────────── Recall@k Performance ──────────────╮
│                                                  │
│   Dataset         R@1     R@5    R@10    R@15    │
│  ──────────────────────────────────────────────  │
│   msls-val       70.68   79.46   82.97   85.00   │
│   pitts30k-val   87.26   95.89   97.50   98.13   │
│                                                  │
╰──────────────────────────────────────────────────╯




╭────────────── Recall@k Performance ──────────────╮
│                                                  │
│   Dataset         R@1     R@5    R@10    R@15    │
│  ──────────────────────────────────────────────  │
│   msls-val       71.35   80.14   84.19   85.27   │
│   pitts30k-val   87.32   95.91   97.63   98.12   │
│                                                  │
╰──────────────────────────────────────────────────╯




╭────────────── Recall@k Performance ──────────────╮
│                                                  │
│   Dataset         R@1     R@5    R@10    R@15    │
│  ──────────────────────────────────────────────  │
│   msls-val       72.16   81.49   84.32   86.35   │
│   pitts30k-val   87.39   95.78   97.41   98.11   │
│                                                  │
╰──────────────────────────────────────────────────╯




╭────────────── Recall@k Performance ──────────────╮
│                                                  │
│   Dataset         R@1     R@5    R@10    R@15    │
│  ──────────────────────────────────────────────  │
│   msls-val       72.43   80.68   84.32   86.49   │
│   pitts30k-val   87.64   95.98   97.38   97.86   │
│                                                  │
╰──────────────────────────────────────────────────╯




╭────────────── Recall@k Performance ──────────────╮
│                                                  │
│   Dataset         R@1     R@5    R@10    R@15    │
│  ──────────────────────────────────────────────  │
│   msls-val       72.84   81.89   85.27   86.76   │
│   pitts30k-val   86.69   95.27   97.23   97.92   │
│                                                  │
╰──────────────────────────────────────────────────╯




╭────────────── Recall@k Performance ──────────────╮
│                                                  │
│   Dataset         R@1     R@5    R@10    R@15    │
│  ──────────────────────────────────────────────  │
│   msls-val       75.81   82.16   85.95   86.89   │
│   pitts30k-val   87.63   95.77   97.59   98.13   │
│                                                  │
╰──────────────────────────────────────────────────╯




╭────────────── Recall@k Performance ──────────────╮
│                                                  │
│   Dataset         R@1     R@5    R@10    R@15    │
│  ──────────────────────────────────────────────  │
│   msls-val       75.00   81.89   85.54   86.62   │
│   pitts30k-val   88.00   95.98   97.66   98.26   │
│                                                  │
╰──────────────────────────────────────────────────╯




╭────────────── Recall@k Performance ──────────────╮
│                                                  │
│   Dataset         R@1     R@5    R@10    R@15    │
│  ──────────────────────────────────────────────  │
│   msls-val       75.14   82.43   85.81   86.89   │
│   pitts30k-val   87.70   95.81   97.54   98.29   │
│                                                  │
╰──────────────────────────────────────────────────╯




╭────────────── Recall@k Performance ──────────────╮
│                                                  │
│   Dataset         R@1     R@5    R@10    R@15    │
│  ──────────────────────────────────────────────  │
│   msls-val       76.22   82.57   85.54   87.57   │
│   pitts30k-val   87.95   95.83   97.66   98.21   │
│                                                  │
╰──────────────────────────────────────────────────╯




╭────────────── Recall@k Performance ──────────────╮
│                                                  │
│   Dataset         R@1     R@5    R@10    R@15    │
│  ──────────────────────────────────────────────  │
│   msls-val       75.95   82.30   85.41   87.43   │
│   pitts30k-val   87.99   95.96   97.74   98.28   │
│                                                  │
╰──────────────────────────────────────────────────╯




╭────────────── Recall@k Performance ──────────────╮
│                                                  │
│   Dataset         R@1     R@5    R@10    R@15    │
│  ──────────────────────────────────────────────  │
│   msls-val       75.41   82.30   85.14   87.97   │
│   pitts30k-val   87.93   95.83   97.73   98.33   │
│                                                  │
╰──────────────────────────────────────────────────╯




╭────────────── Recall@k Performance ──────────────╮
│                                                  │
│   Dataset         R@1     R@5    R@10    R@15    │
│  ──────────────────────────────────────────────  │
│   msls-val       75.54   82.97   86.35   87.16   │
│   pitts30k-val   88.07   96.16   97.74   98.25   │
│                                                  │
╰──────────────────────────────────────────────────╯




╭────────────── Recall@k Performance ──────────────╮
│                                                  │
│   Dataset         R@1     R@5    R@10    R@15    │
│  ──────────────────────────────────────────────  │
│   msls-val       75.81   82.57   85.68   87.43   │
│   pitts30k-val   87.99   96.06   97.79   98.40   │
│                                                  │
╰──────────────────────────────────────────────────╯




╭────────────── Recall@k Performance ──────────────╮
│                                                  │
│   Dataset         R@1     R@5    R@10    R@15    │
│  ──────────────────────────────────────────────  │
│   msls-val       76.49   82.84   86.08   87.57   │
│   pitts30k-val   88.35   96.11   97.78   98.37   │
│                                                  │
╰──────────────────────────────────────────────────╯




╭────────────── Recall@k Performance ──────────────╮
│                                                  │
│   Dataset         R@1     R@5    R@10    R@15    │
│  ──────────────────────────────────────────────  │
│   msls-val       76.22   83.24   86.08   87.16   │
│   pitts30k-val   88.30   96.23   97.70   98.34   │
│                                                  │
╰──────────────────────────────────────────────────╯




╭────────────── Recall@k Performance ──────────────╮
│                                                  │
│   Dataset         R@1     R@5    R@10    R@15    │
│  ──────────────────────────────────────────────  │
│   msls-val       76.49   83.24   85.81   87.30   │
│   pitts30k-val   88.34   96.14   97.74   98.36   │
│                                                  │
╰──────────────────────────────────────────────────╯




╭────────────── Recall@k Performance ──────────────╮
│                                                  │
│   Dataset         R@1     R@5    R@10    R@15    │
│  ──────────────────────────────────────────────  │
│   msls-val       75.68   83.24   86.08   87.84   │
│   pitts30k-val   88.30   96.18   97.75   98.34   │
│                                                  │
╰──────────────────────────────────────────────────╯




╭────────────── Recall@k Performance ──────────────╮
│                                                  │
│   Dataset         R@1     R@5    R@10    R@15    │
│  ──────────────────────────────────────────────  │
│   msls-val       76.22   83.51   86.08   87.97   │
│   pitts30k-val   88.22   96.10   97.70   98.32   │
│                                                  │
╰──────────────────────────────────────────────────╯




╭────────────── Recall@k Performance ──────────────╮
│                                                  │
│   Dataset         R@1     R@5    R@10    R@15    │
│  ──────────────────────────────────────────────  │
│   msls-val       75.54   83.51   85.95   87.84   │
│   pitts30k-val   88.07   96.04   97.70   98.32   │
│                                                  │
╰──────────────────────────────────────────────────╯




╭────────────── Recall@k Performance ──────────────╮
│                                                  │
│   Dataset         R@1     R@5    R@10    R@15    │
│  ──────────────────────────────────────────────  │
│   msls-val       76.08   83.51   86.22   88.11   │
│   pitts30k-val   88.26   96.14   97.71   98.38   │
│                                                  │
╰──────────────────────────────────────────────────╯




╭────────────── Recall@k Performance ──────────────╮
│                                                  │
│   Dataset         R@1     R@5    R@10    R@15    │
│  ──────────────────────────────────────────────  │
│   msls-val       75.14   83.24   86.08   88.11   │
│   pitts30k-val   88.21   96.14   97.75   98.34   │
│                                                  │
╰──────────────────────────────────────────────────╯




╭────────────── Recall@k Performance ──────────────╮
│                                                  │
│   Dataset         R@1     R@5    R@10    R@15    │
│  ──────────────────────────────────────────────  │
│   msls-val       76.22   82.70   86.22   87.84   │
│   pitts30k-val   88.16   96.10   97.71   98.37   │
│                                                  │
╰──────────────────────────────────────────────────╯




╭────────────── Recall@k Performance ──────────────╮
│                                                  │
│   Dataset         R@1     R@5    R@10    R@15    │
│  ──────────────────────────────────────────────  │
│   msls-val       75.41   83.11   85.95   88.24   │
│   pitts30k-val   88.07   96.14   97.63   98.38   │
│                                                  │
╰──────────────────────────────────────────────────╯




╭────────────── Recall@k Performance ──────────────╮
│                                                  │
│   Dataset         R@1     R@5    R@10    R@15    │
│  ──────────────────────────────────────────────  │
│   msls-val       75.68   83.51   86.08   87.03   │
│   pitts30k-val   88.28   96.23   97.69   98.30   │
│                                                  │
╰──────────────────────────────────────────────────╯




╭────────────── Recall@k Performance ──────────────╮
│                                                  │
│   Dataset         R@1     R@5    R@10    R@15    │
│  ──────────────────────────────────────────────  │
│   msls-val       76.35   83.11   85.81   87.84   │
│   pitts30k-val   88.08   96.31   97.71   98.36   │
│                                                  │
╰──────────────────────────────────────────────────╯




╭────────────── Recall@k Performance ──────────────╮
│                                                  │
│   Dataset         R@1     R@5    R@10    R@15    │
│  ──────────────────────────────────────────────  │
│   msls-val       76.49   84.19   87.03   88.38   │
│   pitts30k-val   88.26   96.14   97.73   98.40   │
│                                                  │
╰──────────────────────────────────────────────────╯




╭────────────── Recall@k Performance ──────────────╮
│                                                  │
│   Dataset         R@1     R@5    R@10    R@15    │
│  ──────────────────────────────────────────────  │
│   msls-val       75.68   83.78   85.95   87.97   │
│   pitts30k-val   88.03   96.19   97.73   98.29   │
│                                                  │
╰──────────────────────────────────────────────────╯


