Mon Nov 11 13:51:24 EST 2024
/home/m.maqboolbhutta/usman_ws/codes/OpenVPRLab
/home/m.maqboolbhutta/.conda/envs/openvpr/bin/python
Host: c1007a-s11
Other nodes: 
Starting  process(es) on each node...


╭───── Training dataset stats ─────╮
│                                  │
│  number of cities       23       │
│  number of places       62514    │
│  number of images       524701   │
│                                  │
╰──────────────────────────────────╯
╭──── Validation datasets ────╮
│                             │
│  msls-val                   │
│  ├── queries     740        │
│  └── references  18871      │
│  pitts30k-val               │
│  ├── queries     7608       │
│  └── references  10000      │
│                             │
╰─────────────────────────────╯
╭─────── Data configuration ────────╮
│                                   │
│  iterations per epoch    1562     │
│  train batch size (PxK)  40x4     │
│  training image size     320x320  │
│  validation image size   320x320  │
│                                   │
╰───────────────────────────────────╯


┏━━━┳━━━━━━━━━━━━━━━┳━━━━━━━━━━━━━━━━━┳━━━━━━━━┳━━━━━━━┓
┃   ┃ Name          ┃ Type            ┃ Params ┃ Mode  ┃
┡━━━╇━━━━━━━━━━━━━━━╇━━━━━━━━━━━━━━━━━╇━━━━━━━━╇━━━━━━━┩
│ 0 │ backbone      │ ResNet          │  8.5 M │ train │
│ 1 │ aggregator    │ MixVPR          │  1.8 M │ train │
│ 2 │ segmentation  │ FastSCNN        │  1.1 M │ train │
│ 3 │ loss_function │ VPRLossFunction │      0 │ train │
│ 4 │ GraphVLAD     │ GraphVLAD       │ 20.0 M │ train │
└───┴───────────────┴─────────────────┴────────┴───────┘
Trainable params: 18.5 M                                                        
Non-trainable params: 1.4 M                                                     
Total params: 20.0 M                                                            
Total estimated model params size (MB): 79                                      
