Tue Nov  5 16:07:23 EST 2024
/home/m.maqboolbhutta/usman_ws/codes/OpenVPRLab
/home/m.maqboolbhutta/.conda/envs/openvpr/bin/python
Host: c0800a-s23
Other nodes: 
Starting  process(es) on each node...


╭───── Training dataset stats ─────╮
│                                  │
│  number of cities        3       │
│  number of places        5671    │
│  number of images        50038   │
│                                  │
╰──────────────────────────────────╯
╭──── Validation datasets ────╮
│                             │
│  msls-val                   │
│  ├── queries     740        │
│  └── references  18871      │
│  pitts30k-val               │
│  ├── queries     7608       │
│  └── references  10000      │
│                             │
╰─────────────────────────────╯
╭─────── Data configuration ────────╮
│                                   │
│  iterations per epoch    141      │
│  train batch size (PxK)  40x4     │
│  training image size     320x320  │
│  validation image size   320x320  │
│                                   │
╰───────────────────────────────────╯


┏━━━┳━━━━━━━━━━━━━━━┳━━━━━━━━━━━━━━━━━┳━━━━━━━━┳━━━━━━━┓
┃   ┃ Name          ┃ Type            ┃ Params ┃ Mode  ┃
┡━━━╇━━━━━━━━━━━━━━━╇━━━━━━━━━━━━━━━━━╇━━━━━━━━╇━━━━━━━┩
│ 0 │ backbone      │ ResNet          │  8.5 M │ train │
│ 1 │ aggregator    │ MixVPR          │  1.8 M │ train │
│ 2 │ segmentation  │ FastSCNN        │  1.1 M │ train │
│ 3 │ loss_function │ VPRLossFunction │      0 │ train │
│ 4 │ GraphVLAD     │ GraphVLAD       │ 11.6 M │ train │
└───┴───────────────┴─────────────────┴────────┴───────┘
Trainable params: 10.1 M                                                        
Non-trainable params: 1.4 M                                                     
Total params: 11.6 M                                                            
Total estimated model params size (MB): 46                                      


╭────────────── Recall@k Performance ──────────────╮
│                                                  │
│   Dataset         R@1     R@5    R@10    R@15    │
│  ──────────────────────────────────────────────  │
│   msls-val       27.43   40.81   46.89   49.59   │
│   pitts30k-val   62.39   80.19   85.91   89.05   │
│                                                  │
╰──────────────────────────────────────────────────╯




╭────────────── Recall@k Performance ──────────────╮
│                                                  │
│   Dataset         R@1     R@5    R@10    R@15    │
│  ──────────────────────────────────────────────  │
│   msls-val       33.11   47.03   51.76   55.14   │
│   pitts30k-val   70.73   86.44   90.88   92.86   │
│                                                  │
╰──────────────────────────────────────────────────╯




╭────────────── Recall@k Performance ──────────────╮
│                                                  │
│   Dataset         R@1     R@5    R@10    R@15    │
│  ──────────────────────────────────────────────  │
│   msls-val       42.30   55.14   59.59   62.70   │
│   pitts30k-val   76.74   90.76   94.26   95.62   │
│                                                  │
╰──────────────────────────────────────────────────╯




╭────────────── Recall@k Performance ──────────────╮
│                                                  │
│   Dataset         R@1     R@5    R@10    R@15    │
│  ──────────────────────────────────────────────  │
│   msls-val       46.35   59.59   65.41   68.24   │
│   pitts30k-val   79.97   92.99   95.37   96.46   │
│                                                  │
╰──────────────────────────────────────────────────╯




╭────────────── Recall@k Performance ──────────────╮
│                                                  │
│   Dataset         R@1     R@5    R@10    R@15    │
│  ──────────────────────────────────────────────  │
│   msls-val       49.73   64.73   69.86   71.89   │
│   pitts30k-val   81.93   93.91   96.02   97.06   │
│                                                  │
╰──────────────────────────────────────────────────╯




╭────────────── Recall@k Performance ──────────────╮
│                                                  │
│   Dataset         R@1     R@5    R@10    R@15    │
│  ──────────────────────────────────────────────  │
│   msls-val       53.92   69.73   73.51   76.08   │
│   pitts30k-val   84.19   94.97   96.85   97.59   │
│                                                  │
╰──────────────────────────────────────────────────╯




╭────────────── Recall@k Performance ──────────────╮
│                                                  │
│   Dataset         R@1     R@5    R@10    R@15    │
│  ──────────────────────────────────────────────  │
│   msls-val       58.11   71.76   75.54   77.70   │
│   pitts30k-val   85.24   95.33   97.19   97.71   │
│                                                  │
╰──────────────────────────────────────────────────╯




╭────────────── Recall@k Performance ──────────────╮
│                                                  │
│   Dataset         R@1     R@5    R@10    R@15    │
│  ──────────────────────────────────────────────  │
│   msls-val       62.70   73.51   77.97   79.46   │
│   pitts30k-val   85.99   95.68   97.29   97.92   │
│                                                  │
╰──────────────────────────────────────────────────╯




╭────────────── Recall@k Performance ──────────────╮
│                                                  │
│   Dataset         R@1     R@5    R@10    R@15    │
│  ──────────────────────────────────────────────  │
│   msls-val       63.24   76.22   79.19   81.35   │
│   pitts30k-val   87.01   95.79   97.54   98.04   │
│                                                  │
╰──────────────────────────────────────────────────╯




╭────────────── Recall@k Performance ──────────────╮
│                                                  │
│   Dataset         R@1     R@5    R@10    R@15    │
│  ──────────────────────────────────────────────  │
│   msls-val       65.41   78.38   81.62   83.11   │
│   pitts30k-val   87.38   95.96   97.49   98.13   │
│                                                  │
╰──────────────────────────────────────────────────╯




╭────────────── Recall@k Performance ──────────────╮
│                                                  │
│   Dataset         R@1     R@5    R@10    R@15    │
│  ──────────────────────────────────────────────  │
│   msls-val       67.84   79.19   82.70   85.27   │
│   pitts30k-val   87.55   96.03   97.54   98.12   │
│                                                  │
╰──────────────────────────────────────────────────╯




╭────────────── Recall@k Performance ──────────────╮
│                                                  │
│   Dataset         R@1     R@5    R@10    R@15    │
│  ──────────────────────────────────────────────  │
│   msls-val       69.32   79.86   83.24   85.41   │
│   pitts30k-val   87.75   96.12   97.63   98.07   │
│                                                  │
╰──────────────────────────────────────────────────╯




╭────────────── Recall@k Performance ──────────────╮
│                                                  │
│   Dataset         R@1     R@5    R@10    R@15    │
│  ──────────────────────────────────────────────  │
│   msls-val       69.05   80.41   83.92   85.41   │
│   pitts30k-val   88.35   96.44   97.80   98.26   │
│                                                  │
╰──────────────────────────────────────────────────╯




╭────────────── Recall@k Performance ──────────────╮
│                                                  │
│   Dataset         R@1     R@5    R@10    R@15    │
│  ──────────────────────────────────────────────  │
│   msls-val       69.05   80.00   83.24   85.81   │
│   pitts30k-val   88.31   96.03   97.59   98.09   │
│                                                  │
╰──────────────────────────────────────────────────╯




╭────────────── Recall@k Performance ──────────────╮
│                                                  │
│   Dataset         R@1     R@5    R@10    R@15    │
│  ──────────────────────────────────────────────  │
│   msls-val       70.27   82.03   85.27   87.03   │
│   pitts30k-val   88.34   96.29   97.67   98.26   │
│                                                  │
╰──────────────────────────────────────────────────╯




╭────────────── Recall@k Performance ──────────────╮
│                                                  │
│   Dataset         R@1     R@5    R@10    R@15    │
│  ──────────────────────────────────────────────  │
│   msls-val       71.89   82.30   85.81   86.76   │
│   pitts30k-val   88.07   96.04   97.74   98.20   │
│                                                  │
╰──────────────────────────────────────────────────╯




╭────────────── Recall@k Performance ──────────────╮
│                                                  │
│   Dataset         R@1     R@5    R@10    R@15    │
│  ──────────────────────────────────────────────  │
│   msls-val       70.95   81.35   83.24   85.00   │
│   pitts30k-val   88.35   96.03   97.49   98.09   │
│                                                  │
╰──────────────────────────────────────────────────╯




╭────────────── Recall@k Performance ──────────────╮
│                                                  │
│   Dataset         R@1     R@5    R@10    R@15    │
│  ──────────────────────────────────────────────  │
│   msls-val       72.30   82.84   86.35   87.16   │
│   pitts30k-val   89.09   96.41   97.50   98.25   │
│                                                  │
╰──────────────────────────────────────────────────╯




╭────────────── Recall@k Performance ──────────────╮
│                                                  │
│   Dataset         R@1     R@5    R@10    R@15    │
│  ──────────────────────────────────────────────  │
│   msls-val       73.11   83.11   86.22   87.97   │
│   pitts30k-val   88.87   96.56   97.91   98.51   │
│                                                  │
╰──────────────────────────────────────────────────╯




╭────────────── Recall@k Performance ──────────────╮
│                                                  │
│   Dataset         R@1     R@5    R@10    R@15    │
│  ──────────────────────────────────────────────  │
│   msls-val       74.46   82.84   86.49   86.89   │
│   pitts30k-val   89.63   96.90   98.20   98.66   │
│                                                  │
╰──────────────────────────────────────────────────╯




╭────────────── Recall@k Performance ──────────────╮
│                                                  │
│   Dataset         R@1     R@5    R@10    R@15    │
│  ──────────────────────────────────────────────  │
│   msls-val       73.38   83.11   85.68   87.43   │
│   pitts30k-val   89.33   96.74   98.21   98.61   │
│                                                  │
╰──────────────────────────────────────────────────╯




╭────────────── Recall@k Performance ──────────────╮
│                                                  │
│   Dataset         R@1     R@5    R@10    R@15    │
│  ──────────────────────────────────────────────  │
│   msls-val       74.46   83.51   86.62   87.57   │
│   pitts30k-val   89.50   96.82   98.21   98.59   │
│                                                  │
╰──────────────────────────────────────────────────╯




╭────────────── Recall@k Performance ──────────────╮
│                                                  │
│   Dataset         R@1     R@5    R@10    R@15    │
│  ──────────────────────────────────────────────  │
│   msls-val       73.92   83.78   86.76   88.11   │
│   pitts30k-val   89.51   96.88   98.21   98.61   │
│                                                  │
╰──────────────────────────────────────────────────╯




╭────────────── Recall@k Performance ──────────────╮
│                                                  │
│   Dataset         R@1     R@5    R@10    R@15    │
│  ──────────────────────────────────────────────  │
│   msls-val       74.46   83.78   86.08   87.70   │
│   pitts30k-val   89.41   96.82   98.19   98.62   │
│                                                  │
╰──────────────────────────────────────────────────╯




╭────────────── Recall@k Performance ──────────────╮
│                                                  │
│   Dataset         R@1     R@5    R@10    R@15    │
│  ──────────────────────────────────────────────  │
│   msls-val       74.86   83.92   86.35   87.84   │
│   pitts30k-val   89.55   96.98   98.29   98.66   │
│                                                  │
╰──────────────────────────────────────────────────╯




╭────────────── Recall@k Performance ──────────────╮
│                                                  │
│   Dataset         R@1     R@5    R@10    R@15    │
│  ──────────────────────────────────────────────  │
│   msls-val       74.86   84.59   86.76   87.84   │
│   pitts30k-val   89.70   97.03   98.21   98.67   │
│                                                  │
╰──────────────────────────────────────────────────╯




╭────────────── Recall@k Performance ──────────────╮
│                                                  │
│   Dataset         R@1     R@5    R@10    R@15    │
│  ──────────────────────────────────────────────  │
│   msls-val       74.59   83.51   86.35   87.97   │
│   pitts30k-val   89.51   96.98   98.16   98.66   │
│                                                  │
╰──────────────────────────────────────────────────╯




╭────────────── Recall@k Performance ──────────────╮
│                                                  │
│   Dataset         R@1     R@5    R@10    R@15    │
│  ──────────────────────────────────────────────  │
│   msls-val       74.86   83.78   86.89   88.11   │
│   pitts30k-val   89.58   96.96   98.24   98.69   │
│                                                  │
╰──────────────────────────────────────────────────╯




╭────────────── Recall@k Performance ──────────────╮
│                                                  │
│   Dataset         R@1     R@5    R@10    R@15    │
│  ──────────────────────────────────────────────  │
│   msls-val       74.32   83.92   86.89   88.38   │
│   pitts30k-val   89.52   96.92   98.20   98.70   │
│                                                  │
╰──────────────────────────────────────────────────╯




╭────────────── Recall@k Performance ──────────────╮
│                                                  │
│   Dataset         R@1     R@5    R@10    R@15    │
│  ──────────────────────────────────────────────  │
│   msls-val       75.54   84.32   86.62   88.51   │
│   pitts30k-val   89.56   96.86   98.11   98.66   │
│                                                  │
╰──────────────────────────────────────────────────╯




╭────────────── Recall@k Performance ──────────────╮
│                                                  │
│   Dataset         R@1     R@5    R@10    R@15    │
│  ──────────────────────────────────────────────  │
│   msls-val       75.54   84.05   86.35   88.11   │
│   pitts30k-val   89.63   97.02   98.21   98.69   │
│                                                  │
╰──────────────────────────────────────────────────╯




╭────────────── Recall@k Performance ──────────────╮
│                                                  │
│   Dataset         R@1     R@5    R@10    R@15    │
│  ──────────────────────────────────────────────  │
│   msls-val       75.14   84.05   86.35   88.38   │
│   pitts30k-val   89.68   97.02   98.20   98.71   │
│                                                  │
╰──────────────────────────────────────────────────╯




╭────────────── Recall@k Performance ──────────────╮
│                                                  │
│   Dataset         R@1     R@5    R@10    R@15    │
│  ──────────────────────────────────────────────  │
│   msls-val       75.41   84.19   86.49   88.65   │
│   pitts30k-val   89.62   96.88   98.15   98.73   │
│                                                  │
╰──────────────────────────────────────────────────╯




╭────────────── Recall@k Performance ──────────────╮
│                                                  │
│   Dataset         R@1     R@5    R@10    R@15    │
│  ──────────────────────────────────────────────  │
│   msls-val       75.68   84.46   86.35   88.51   │
│   pitts30k-val   89.63   96.88   98.05   98.65   │
│                                                  │
╰──────────────────────────────────────────────────╯




╭────────────── Recall@k Performance ──────────────╮
│                                                  │
│   Dataset         R@1     R@5    R@10    R@15    │
│  ──────────────────────────────────────────────  │
│   msls-val       75.54   84.59   86.22   88.38   │
│   pitts30k-val   89.60   96.95   98.20   98.69   │
│                                                  │
╰──────────────────────────────────────────────────╯




╭────────────── Recall@k Performance ──────────────╮
│                                                  │
│   Dataset         R@1     R@5    R@10    R@15    │
│  ──────────────────────────────────────────────  │
│   msls-val       75.00   84.05   86.49   88.51   │
│   pitts30k-val   89.52   96.87   98.20   98.66   │
│                                                  │
╰──────────────────────────────────────────────────╯




╭────────────── Recall@k Performance ──────────────╮
│                                                  │
│   Dataset         R@1     R@5    R@10    R@15    │
│  ──────────────────────────────────────────────  │
│   msls-val       75.54   83.92   86.35   88.38   │
│   pitts30k-val   89.62   97.08   98.13   98.74   │
│                                                  │
╰──────────────────────────────────────────────────╯




╭────────────── Recall@k Performance ──────────────╮
│                                                  │
│   Dataset         R@1     R@5    R@10    R@15    │
│  ──────────────────────────────────────────────  │
│   msls-val       75.41   84.05   86.49   88.38   │
│   pitts30k-val   89.67   96.90   98.20   98.73   │
│                                                  │
╰──────────────────────────────────────────────────╯




╭────────────── Recall@k Performance ──────────────╮
│                                                  │
│   Dataset         R@1     R@5    R@10    R@15    │
│  ──────────────────────────────────────────────  │
│   msls-val       75.00   83.92   86.49   88.38   │
│   pitts30k-val   89.55   96.99   98.25   98.70   │
│                                                  │
╰──────────────────────────────────────────────────╯


