Wed Dec  4 20:25:37 EST 2024
/home/m.maqboolbhutta/usman_ws/codes/OpenVPRLab
/home/m.maqboolbhutta/.conda/envs/openvpr/bin/python
Host: c1106a-s17
Other nodes: 
Starting  process(es) on each node...


╭───── Training dataset stats ─────╮
│                                  │
│  number of cities       23       │
│  number of places       62514    │
│  number of images       524701   │
│                                  │
╰──────────────────────────────────╯
╭──── Validation datasets ────╮
│                             │
│  msls-val                   │
│  ├── queries     740        │
│  └── references  18871      │
│  pitts30k-val               │
│  ├── queries     7608       │
│  └── references  10000      │
│                             │
╰─────────────────────────────╯
╭─────── Data configuration ────────╮
│                                   │
│  iterations per epoch    1562     │
│  train batch size (PxK)  40x4     │
│  training image size     320x320  │
│  validation image size   320x320  │
│                                   │
╰───────────────────────────────────╯


┏━━━┳━━━━━━━━━━━━━━━┳━━━━━━━━━━━━━━━━━┳━━━━━━━━┳━━━━━━━┓
┃   ┃ Name          ┃ Type            ┃ Params ┃ Mode  ┃
┡━━━╇━━━━━━━━━━━━━━━╇━━━━━━━━━━━━━━━━━╇━━━━━━━━╇━━━━━━━┩
│ 0 │ backbone      │ ResNet          │  8.5 M │ train │
│ 1 │ aggregator    │ MixVPR          │  1.8 M │ train │
│ 2 │ segmentation  │ FastSCNN        │  1.1 M │ train │
│ 3 │ loss_function │ VPRLossFunction │      0 │ train │
│ 4 │ GraphVLAD     │ GraphVLAD       │ 28.0 M │ train │
└───┴───────────────┴─────────────────┴────────┴───────┘
Trainable params: 26.5 M                                                        
Non-trainable params: 1.4 M                                                     
Total params: 28.0 M                                                            
Total estimated model params size (MB): 111                                     


╭────────────── Recall@k Performance ──────────────╮
│                                                  │
│   Dataset         R@1     R@5    R@10    R@15    │
│  ──────────────────────────────────────────────  │
│   msls-val       68.92   78.78   83.24   85.14   │
│   pitts30k-val   87.54   95.95   97.40   97.95   │
│                                                  │
╰──────────────────────────────────────────────────╯




╭────────────── Recall@k Performance ──────────────╮
│                                                  │
│   Dataset         R@1     R@5    R@10    R@15    │
│  ──────────────────────────────────────────────  │
│   msls-val       75.00   85.14   87.97   89.46   │
│   pitts30k-val   89.42   96.65   97.98   98.44   │
│                                                  │
╰──────────────────────────────────────────────────╯




╭────────────── Recall@k Performance ──────────────╮
│                                                  │
│   Dataset         R@1     R@5    R@10    R@15    │
│  ──────────────────────────────────────────────  │
│   msls-val       77.84   85.68   88.51   89.59   │
│   pitts30k-val   89.94   96.96   98.15   98.67   │
│                                                  │
╰──────────────────────────────────────────────────╯




╭────────────── Recall@k Performance ──────────────╮
│                                                  │
│   Dataset         R@1     R@5    R@10    R@15    │
│  ──────────────────────────────────────────────  │
│   msls-val       77.97   86.89   89.46   90.54   │
│   pitts30k-val   90.63   97.10   98.24   98.73   │
│                                                  │
╰──────────────────────────────────────────────────╯




╭────────────── Recall@k Performance ──────────────╮
│                                                  │
│   Dataset         R@1     R@5    R@10    R@15    │
│  ──────────────────────────────────────────────  │
│   msls-val       79.46   86.76   90.00   91.22   │
│   pitts30k-val   91.00   97.23   98.24   98.67   │
│                                                  │
╰──────────────────────────────────────────────────╯




╭────────────── Recall@k Performance ──────────────╮
│                                                  │
│   Dataset         R@1     R@5    R@10    R@15    │
│  ──────────────────────────────────────────────  │
│   msls-val       79.32   88.65   90.54   91.76   │
│   pitts30k-val   90.68   97.08   98.34   98.78   │
│                                                  │
╰──────────────────────────────────────────────────╯




╭────────────── Recall@k Performance ──────────────╮
│                                                  │
│   Dataset         R@1     R@5    R@10    R@15    │
│  ──────────────────────────────────────────────  │
│   msls-val       80.95   88.38   90.00   91.35   │
│   pitts30k-val   90.37   97.11   98.17   98.58   │
│                                                  │
╰──────────────────────────────────────────────────╯




╭────────────── Recall@k Performance ──────────────╮
│                                                  │
│   Dataset         R@1     R@5    R@10    R@15    │
│  ──────────────────────────────────────────────  │
│   msls-val       80.68   88.24   91.08   92.16   │
│   pitts30k-val   90.52   96.96   98.09   98.67   │
│                                                  │
╰──────────────────────────────────────────────────╯




╭────────────── Recall@k Performance ──────────────╮
│                                                  │
│   Dataset         R@1     R@5    R@10    R@15    │
│  ──────────────────────────────────────────────  │
│   msls-val       80.41   88.92   91.08   92.16   │
│   pitts30k-val   90.04   97.11   98.09   98.62   │
│                                                  │
╰──────────────────────────────────────────────────╯




╭────────────── Recall@k Performance ──────────────╮
│                                                  │
│   Dataset         R@1     R@5    R@10    R@15    │
│  ──────────────────────────────────────────────  │
│   msls-val       81.62   89.86   91.62   92.57   │
│   pitts30k-val   90.65   97.13   98.42   98.79   │
│                                                  │
╰──────────────────────────────────────────────────╯


