Tue Nov 26 17:44:22 EST 2024
/home/m.maqboolbhutta/usman_ws/codes/OpenVPRLab
/home/m.maqboolbhutta/.conda/envs/openvpr/bin/python
Host: c1103a-s35
Other nodes: 
Starting  process(es) on each node...


╭───── Training dataset stats ─────╮
│                                  │
│  number of cities       23       │
│  number of places       62514    │
│  number of images       524701   │
│                                  │
╰──────────────────────────────────╯
╭──── Validation datasets ────╮
│                             │
│  msls-val                   │
│  ├── queries     740        │
│  └── references  18871      │
│  pitts30k-val               │
│  ├── queries     7608       │
│  └── references  10000      │
│                             │
╰─────────────────────────────╯
╭─────── Data configuration ────────╮
│                                   │
│  iterations per epoch    1562     │
│  train batch size (PxK)  40x4     │
│  training image size     320x320  │
│  validation image size   320x320  │
│                                   │
╰───────────────────────────────────╯


┏━━━┳━━━━━━━━━━━━━━━┳━━━━━━━━━━━━━━━━━┳━━━━━━━━┳━━━━━━━┓
┃   ┃ Name          ┃ Type            ┃ Params ┃ Mode  ┃
┡━━━╇━━━━━━━━━━━━━━━╇━━━━━━━━━━━━━━━━━╇━━━━━━━━╇━━━━━━━┩
│ 0 │ backbone      │ ResNet          │  8.5 M │ train │
│ 1 │ aggregator    │ MixVPR          │  1.8 M │ train │
│ 2 │ segmentation  │ FastSCNN        │  1.1 M │ train │
│ 3 │ loss_function │ VPRLossFunction │      0 │ train │
│ 4 │ GraphVLAD     │ GraphVLAD       │ 41.0 M │ train │
└───┴───────────────┴─────────────────┴────────┴───────┘
Trainable params: 39.5 M                                                        
Non-trainable params: 1.4 M                                                     
Total params: 41.0 M                                                            
Total estimated model params size (MB): 163                                     


╭────────────── Recall@k Performance ──────────────╮
│                                                  │
│   Dataset         R@1     R@5    R@10    R@15    │
│  ──────────────────────────────────────────────  │
│   msls-val       72.97   82.57   85.81   87.16   │
│   pitts30k-val   89.68   96.62   97.82   98.38   │
│                                                  │
╰──────────────────────────────────────────────────╯




╭────────────── Recall@k Performance ──────────────╮
│                                                  │
│   Dataset         R@1     R@5    R@10    R@15    │
│  ──────────────────────────────────────────────  │
│   msls-val       77.84   86.35   88.65   90.27   │
│   pitts30k-val   91.08   97.03   98.17   98.70   │
│                                                  │
╰──────────────────────────────────────────────────╯




╭────────────── Recall@k Performance ──────────────╮
│                                                  │
│   Dataset         R@1     R@5    R@10    R@15    │
│  ──────────────────────────────────────────────  │
│   msls-val       80.27   87.84   90.68   91.49   │
│   pitts30k-val   91.14   97.41   98.26   98.63   │
│                                                  │
╰──────────────────────────────────────────────────╯




╭────────────── Recall@k Performance ──────────────╮
│                                                  │
│   Dataset         R@1     R@5    R@10    R@15    │
│  ──────────────────────────────────────────────  │
│   msls-val       81.35   87.70   90.54   91.76   │
│   pitts30k-val   91.85   97.32   98.41   98.90   │
│                                                  │
╰──────────────────────────────────────────────────╯




╭────────────── Recall@k Performance ──────────────╮
│                                                  │
│   Dataset         R@1     R@5    R@10    R@15    │
│  ──────────────────────────────────────────────  │
│   msls-val       81.89   88.92   91.62   92.57   │
│   pitts30k-val   92.07   97.38   98.41   98.71   │
│                                                  │
╰──────────────────────────────────────────────────╯




╭────────────── Recall@k Performance ──────────────╮
│                                                  │
│   Dataset         R@1     R@5    R@10    R@15    │
│  ──────────────────────────────────────────────  │
│   msls-val       82.03   89.05   92.03   92.70   │
│   pitts30k-val   92.10   97.61   98.55   98.96   │
│                                                  │
╰──────────────────────────────────────────────────╯




╭────────────── Recall@k Performance ──────────────╮
│                                                  │
│   Dataset         R@1     R@5    R@10    R@15    │
│  ──────────────────────────────────────────────  │
│   msls-val       83.11   90.81   91.76   92.57   │
│   pitts30k-val   92.07   97.57   98.45   98.79   │
│                                                  │
╰──────────────────────────────────────────────────╯




╭────────────── Recall@k Performance ──────────────╮
│                                                  │
│   Dataset         R@1     R@5    R@10    R@15    │
│  ──────────────────────────────────────────────  │
│   msls-val       82.43   89.46   90.54   91.89   │
│   pitts30k-val   92.31   97.69   98.55   98.91   │
│                                                  │
╰──────────────────────────────────────────────────╯




╭────────────── Recall@k Performance ──────────────╮
│                                                  │
│   Dataset         R@1     R@5    R@10    R@15    │
│  ──────────────────────────────────────────────  │
│   msls-val       82.57   88.65   91.22   91.89   │
│   pitts30k-val   92.02   97.48   98.49   98.87   │
│                                                  │
╰──────────────────────────────────────────────────╯




╭────────────── Recall@k Performance ──────────────╮
│                                                  │
│   Dataset         R@1     R@5    R@10    R@15    │
│  ──────────────────────────────────────────────  │
│   msls-val       83.11   88.65   90.68   92.16   │
│   pitts30k-val   92.14   97.52   98.38   98.82   │
│                                                  │
╰──────────────────────────────────────────────────╯




╭────────────── Recall@k Performance ──────────────╮
│                                                  │
│   Dataset         R@1     R@5    R@10    R@15    │
│  ──────────────────────────────────────────────  │
│   msls-val       84.32   90.00   90.41   92.57   │
│   pitts30k-val   92.49   97.69   98.59   98.95   │
│                                                  │
╰──────────────────────────────────────────────────╯




╭────────────── Recall@k Performance ──────────────╮
│                                                  │
│   Dataset         R@1     R@5    R@10    R@15    │
│  ──────────────────────────────────────────────  │
│   msls-val       83.78   90.14   90.95   92.57   │
│   pitts30k-val   92.68   97.79   98.59   98.95   │
│                                                  │
╰──────────────────────────────────────────────────╯




╭────────────── Recall@k Performance ──────────────╮
│                                                  │
│   Dataset         R@1     R@5    R@10    R@15    │
│  ──────────────────────────────────────────────  │
│   msls-val       83.38   90.27   91.35   93.11   │
│   pitts30k-val   92.57   97.69   98.57   98.96   │
│                                                  │
╰──────────────────────────────────────────────────╯




╭────────────── Recall@k Performance ──────────────╮
│                                                  │
│   Dataset         R@1     R@5    R@10    R@15    │
│  ──────────────────────────────────────────────  │
│   msls-val       83.65   90.27   91.49   93.11   │
│   pitts30k-val   92.67   97.71   98.54   98.99   │
│                                                  │
╰──────────────────────────────────────────────────╯




╭────────────── Recall@k Performance ──────────────╮
│                                                  │
│   Dataset         R@1     R@5    R@10    R@15    │
│  ──────────────────────────────────────────────  │
│   msls-val       83.92   90.54   92.30   93.51   │
│   pitts30k-val   92.76   97.73   98.58   99.04   │
│                                                  │
╰──────────────────────────────────────────────────╯




╭────────────── Recall@k Performance ──────────────╮
│                                                  │
│   Dataset         R@1     R@5    R@10    R@15    │
│  ──────────────────────────────────────────────  │
│   msls-val       84.59   90.27   92.30   93.51   │
│   pitts30k-val   92.59   97.90   98.66   99.08   │
│                                                  │
╰──────────────────────────────────────────────────╯




╭────────────── Recall@k Performance ──────────────╮
│                                                  │
│   Dataset         R@1     R@5    R@10    R@15    │
│  ──────────────────────────────────────────────  │
│   msls-val       84.32   90.95   92.30   93.65   │
│   pitts30k-val   92.77   97.79   98.65   99.03   │
│                                                  │
╰──────────────────────────────────────────────────╯




╭────────────── Recall@k Performance ──────────────╮
│                                                  │
│   Dataset         R@1     R@5    R@10    R@15    │
│  ──────────────────────────────────────────────  │
│   msls-val       84.05   90.14   92.16   93.78   │
│   pitts30k-val   92.61   97.75   98.61   98.92   │
│                                                  │
╰──────────────────────────────────────────────────╯




╭────────────── Recall@k Performance ──────────────╮
│                                                  │
│   Dataset         R@1     R@5    R@10    R@15    │
│  ──────────────────────────────────────────────  │
│   msls-val       83.65   90.95   92.57   94.19   │
│   pitts30k-val   92.74   97.71   98.67   99.00   │
│                                                  │
╰──────────────────────────────────────────────────╯




╭────────────── Recall@k Performance ──────────────╮
│                                                  │
│   Dataset         R@1     R@5    R@10    R@15    │
│  ──────────────────────────────────────────────  │
│   msls-val       83.78   91.08   92.57   94.05   │
│   pitts30k-val   92.84   97.77   98.62   98.94   │
│                                                  │
╰──────────────────────────────────────────────────╯




╭────────────── Recall@k Performance ──────────────╮
│                                                  │
│   Dataset         R@1     R@5    R@10    R@15    │
│  ──────────────────────────────────────────────  │
│   msls-val       83.78   90.54   92.70   94.19   │
│   pitts30k-val   92.77   97.74   98.62   98.97   │
│                                                  │
╰──────────────────────────────────────────────────╯




╭────────────── Recall@k Performance ──────────────╮
│                                                  │
│   Dataset         R@1     R@5    R@10    R@15    │
│  ──────────────────────────────────────────────  │
│   msls-val       83.92   90.68   92.43   94.59   │
│   pitts30k-val   92.74   97.77   98.59   98.97   │
│                                                  │
╰──────────────────────────────────────────────────╯




╭────────────── Recall@k Performance ──────────────╮
│                                                  │
│   Dataset         R@1     R@5    R@10    R@15    │
│  ──────────────────────────────────────────────  │
│   msls-val       83.92   90.54   92.70   94.19   │
│   pitts30k-val   92.68   97.79   98.62   98.94   │
│                                                  │
╰──────────────────────────────────────────────────╯




╭────────────── Recall@k Performance ──────────────╮
│                                                  │
│   Dataset         R@1     R@5    R@10    R@15    │
│  ──────────────────────────────────────────────  │
│   msls-val       83.92   90.81   92.43   94.05   │
│   pitts30k-val   92.73   97.73   98.62   98.96   │
│                                                  │
╰──────────────────────────────────────────────────╯


